jshell> System.out.println("Hello World")
Hello World

jshell> System.out.println("Hello World");System.out.println("Hello World");
Hello World
Hello World

jshell> void sayHelloWorldTwice(){
   ...>     System.out.println("Hello World");
   ...>     System.out.println("Hello World");
   ...> }
|  created method sayHelloWorldTwice()

jshell> sayHelloWorldTwice()
Hello World
Hello World

jshell> void sayHelloWorldThrice(){
   ...>     System.out.println("Hello World");
   ...>     System.out.println("Hello World");
   ...>     System.out.println("Hello World");
   ...> }
|  created method sayHelloWorldThrice()

jshell> sayHelloWorldThrice()
Hello World
Hello World
Hello World

jshell> void printLearningExperience(){
   ...>     System.out.println("I've created my first variable");
   ...>     System.out.println("I've created my first method");
   ...>     System.out.println("I've created my first loop");
   ...>     System.out.println("i'm excited to learn java");
   ...> }
|  created method printLearningExperience()

jshell> printLearningExperience()
I've created my first variable
I've created my first method
I've created my first loop
i'm excited to learn java

jshell> void NameOfMethod(){
   ...> }
|  created method NameOfMethod()

jshell> /methods
|    void sayHelloWorldTwice()
|    void sayHelloWorldThrice()
|    void printLearningExperience()
|    void NameOfMethod()

jshell> /save backup.txt

jshell> /edit sayHelloWorldTwice
|  modified method sayHelloWorldTwice()

jshell> sayHelloWorldTwice()
HelloWorld
HelloWorld

jshell> /edit printLearningExperience()
|  No such snippet: printLearningExperience()

jshell> /edit printLearningExperience
|  modified method printLearningExperience()

jshell>  printLearningExperience()
I've sdf my first variable
I've ban my first method
I've cre my first loop
i'm exci to learn java

jshell> /methods
|    void sayHelloWorldThrice()
|    void NameOfMethod()
|    void sayHelloWorldTwice()
|    void printLearningExperience()

jshell> /edit pintningExperience
|  No such snippet: pintningExperience

jshell> /edit printLearningExperience
|  modified method printLearningExperience()

jshell>

jshell>

jshell> /edit sayHelloWorldTwice
|  modified method sayHelloWorldTwice()

jshell> /list printLearningExperience

  15 : void printLearningExperience(){
           System.out.println("I've sdf my first variable");
           System.out.println("I've ba my first method");
           System.out.println("I've cr my first loop");
           System.out.println("i'm excto learn java");
       }

jshell> /methods
|    void sayHelloWorldThrice()
|    void NameOfMethod()
|    void printLearningExperience()
|    void sayHelloWorldTwice()

jshell> say HelloWorldThrice()
   ...> sayHelloWorldThrice()
   ...> }
|  Error:
|  ';' expected
|  say HelloWorldThrice()
|                        ^

jshell> sayHelloWorldThrice()
Hello World
Hello World
Hello World

jshell> sayHelloWorldTwice()
Hello World
HelloWorld

jshell> void sayHelloWorld(int noOFTimes) {
   ...>     //Body of the method
   ...> }
|  created method sayHelloWorld(int)

jshell> sayHelloWorld(1)

jshell> //I'm writing something

jshell> int i=10;//I has a value of 10
i ==> 10

jshell> /edit sayHelloWorld
|  modified method sayHelloWorld(int), however, it cannot be invoked until variable noOfTimes is declared

jshell> sayHelloWorld(1)
|  attempted to call method sayHelloWorld(int) which cannot be invoked until variable noOfTimes is declared


jshell> sayHelloWorld(1)
|  attempted to call method sayHelloWorld(int) which cannot be invoked until variable noOfTimes is declared

jshell> /list sayHelloWorld

  22 : void sayHelloWorld(int noOFTimes) {
           System.out.println(noOfTimes);
       }

jshell> /edit sayHelloWorld
|  modified method sayHelloWorld(int), however, it cannot be invoked until variable noOfTimes is declared

jshell>
jshell> void printNumbers(int n) {
   ...>     for(int i=1; i<=n; i++) {
   ...>         System.out.println(i);
   ...>     }
   ...> }
|  created method printNumbers(int)

jshell> printNumbers(10)
1
2
3
4
5
6
7
8
9
10

jshell> printNumbers(3)
1
2
3

jshell> /list printNumbers

   1 : void printNumbers(int n) {
           for(int i=1; i<=n; i++) {
               System.out.println(i);
           }
       }

jshell> /edit printNumbers

jshell> void printSquaresOfNumbers(int n) {
   ...>     for(int i=1; i<=n; i++) {
   ...>         System.out.println(i*i);
   ...>          void printSquaresOfNumbers(int n) {
   ...>              for(int i=1; i<=n; i++) {
   ...>                 System.out.println(i);i*i);

jshell>  void printSquaresOfNumbers(int n) {
   ...>     for(int i=1; i<=n; i++) {
   ...>         System.out.println(i*i);
   ...>     }
   ...> }
|  created method printSquaresOfNumbers(int)

jshell> printSquaresOfNumbers(5)
1
4
9
16
25

jshell> printSquaresOfNumbers(3)
1
4
9

jshell> /list sayHelloWorld
|  No such snippet: sayHelloWorld

jshell> void sayHelloWorld(int noOfTimes) {
   ...>     for (int i=1; i<=noOfTimes; i++) {
   ...>         System.out.println("Hello World");
   ...>     }
   ...> }
|  created method sayHelloWorld(int)

jshell> int i;
i ==> 0

jshell> for(i=1;i<=10;i++)
   ...> System.out.printf("%d * %d = %d", 5, i, 5 * i).println()
5 * 1 = 5
5 * 2 = 10
5 * 3 = 15
5 * 4 = 20
5 * 5 = 25
5 * 6 = 30
5 * 7 = 35
5 * 8 = 40
5 * 9 = 45
5 * 10 = 50

jshell> /list sayHelloWorld

   7 : void sayHelloWorld(int noOfTimes) {
           for (int i=1; i<=noOfTimes; i++) {
               System.out.println("Hello World");
           }
       }

jshell> int i
i ==> 0

jshell> void sayMultiplicationTable() {
   ...>     for(i=1;i<=10;i++) {
   ...>         System.out.printf("%d * %d = %d", 5, i, 5 * i).println()
   ...>     }
   ...> }

jshell>  void printMultiplicationTable() {
   ...>     for(i=1;i<=10;i++) {
   ...>         System.out.printf("%d * %d = %d", 5, i, 5 * i).println()
   ...>     }
   ...> }
jshell> void printMultiplicationTable() {
   ...>     for(i=1;i<=10;i++) {
   ...>         System.out.printf("%d * %d = %d", 5, i, 5 * i).println();
   ...>     }
   ...> }
|  created method printMultiplicationTable()

jshell> void printMultiplicationTable() {
   ...> }
|  modified method printMultiplicationTable()

jshell> /edit printMultiplicationTable

jshell> printMultiplicationTable()

jshell> /edit printMultiplicationTable
|  modified method printMultiplicationTable()

jshell> printMultiplicationTable()
5 * 1 = 5
5 * 2 = 10
5 * 3 = 15
5 * 4 = 20
5 * 5 = 25
5 * 6 = 30
5 * 7 = 35
5 * 8 = 40
5 * 9 = 45
5 * 10 = 50
jshell>
jshell> void printMultiplicationTable() {
   ...>     for(int i=1;i<=10;i++) {
   ...>         System.out.printf("%d * %d = %d", 5, i, 5 * i).println();
   ...>     }
   ...> }
|  created method printMultiplicationTable()


jshell> /edit printMultiplicationTable
|  created method printMultiplicationTable(int)

jshell> printMultiplicationTable(5)
5 * 1 = 5
5 * 2 = 10
5 * 3 = 15
5 * 4 = 20
5 * 5 = 25
5 * 6 = 30
5 * 7 = 35
5 * 8 = 40
5 * 9 = 45
5 * 10 = 50

jshell> printMultiplicationTable(6)
6 * 1 = 6
6 * 2 = 12
6 * 3 = 18
6 * 4 = 24
6 * 5 = 30
6 * 6 = 36
6 * 7 = 42
6 * 8 = 48
6 * 9 = 54
6 * 10 = 60

jshell> printMultiplicationTable(7)
7 * 1 = 7
7 * 2 = 14
7 * 3 = 21
7 * 4 = 28
7 * 5 = 35
7 * 6 = 42
7 * 7 = 49
7 * 8 = 56
7 * 9 = 63
7 * 10 = 70

jshell> /edit printMultiplicationTable

jshell> /edit printMultiplicationTable

jshell> printMultiplicationTable()
5 * 1 = 5
5 * 2 = 10
5 * 3 = 15
5 * 4 = 20
5 * 5 = 25
5 * 6 = 30
5 * 7 = 35
5 * 8 = 40
5 * 9 = 45
5 * 10 = 50

jshell> printMultiplicationTable(6)
6 * 1 = 6
6 * 2 = 12
6 * 3 = 18
6 * 4 = 24
6 * 5 = 30
6 * 6 = 36
6 * 7 = 42
6 * 8 = 48
6 * 9 = 54
6 * 10 = 60

jshell>

jshell> Math.max(1,2)
$8 ==> 2

jshell> void sum(int firstNumber,int secondNumber) {
   ...>     int sum = firstNumber + secondNumber;
   ...>     System.out.println(sum);
   ...> }
|  created method sum(int,int)


jshell> sum(5, 10)
15

jshell> void sum(int firstNumber,int secondNumber,int thirdNumber) {
   ...>     int sum = firstNumber + secondNumber + thirdNumber;
   ...>     System.out.println(sum);
   ...> }
|  created method sum(int,int,int)

jshell> sum(5, 10, 15)
30

jshell> Math.max(4,5)
$13 ==> 5

jshell> $13
$13 ==> 5

jshell> int max = Math.max(15, 25)
max ==> 25

jshell> max
max ==> 25

jshell> sum(1,10)
11

jshell> /list sum

   9 : void sum(int firstNumber,int secondNumber) {
           int sum = firstNumber + secondNumber;
           System.out.println(sum);
       }
  11 : void sum(int firstNumber,int secondNumber,int thirdNumber) {
           int sum = firstNumber + secondNumber + thirdNumber;
           System.out.println(sum);
       }

jshell> int sumOfTwoNumber(int firstNumber,int secondNumber) {
   ...>     int sum = firstNumber + secondNumber;
   ...>     return sum;
   ...> }
|  created method sumOfTwoNumber(int,int)

jshell> sumOfTwoNumber(1,1)
$19 ==> 2

jshell> int sum = sumOfTwoNumber(1,1)
sum ==> 2

jshell> int sum = sumOfTwoNumber(15,15)
sum ==> 30

jshell>  int sumOfThreeNumbers(int firstNumber,int secondNumber,int thirdNumber) {
   ...>     int sum = firstNumber + secondNumber + thirdNumber;
   ...>     return sum;
   ...> }
|  created method sumOfThreeNumbers(int,int,int)

jshell> sumOfThreeNumbers(1,2,3)
$23 ==> 6

jshell> sumOfThreeNumbers(1,6,3)
$24 ==> 10

jshell> sumOfThreeNumbers(15,2,3)
$25 ==> 20

jshell> int calculateThirdAngle(int angle1,int angle2) {
   ...>     int angle3=180-(angle1+angle2);
   ...>     return angle3;
   ...> }
|  created method calculateThirdAngle(int,int)

jshell> calculateThirdAngle(20,20)
$27 ==> 140

jshell>  System.out.println("I love jshell");
I love jshell

jshell>  class Country {
   ...> }
|  created class Country

jshell> Country india = new Country()
india ==> Country@4ccabbaa

jshell> Country usa = new Country()
usa ==> Country@2d38eb89

jshell> class planet {
   ...> }
|  created class planet

jshell> planet planet=new planet ()
planet ==> planet@4d76f3f8

jshell> planet earth = new planet()
earth ==> planet@23ab930d

jshell> planet venus = new planet()
venus ==> planet@3fa77460

jshell> class planet {
   ...>     void revolve() {
   ...>         System.out.println("Revolve");
   ...>     }
   ...> }
|  replaced class planet
|    update replaced variable planet, reset to null
|    update replaced variable earth, reset to null
|    update replaced variable venus, reset to null

jshell> planet earth = new planet()
earth ==> planet@6438a396

jshell> planet venus = new planet()
venus ==> planet@e2144e4

jshell> planet.revolve()
|  Exception java.lang.NullPointerException: Cannot invoke "REPL.$JShell$44C$planet.revolve()" because "REPL.$JShell$45B.planet" is null
|        at (#39:1)

jshell> earth.revolve()
Revolve

jshell> venus.revolve()
Revolve

jshell> class Country {
   ...>     void comingSoon() {
   ...>         System.out.println("Coming Soon");
   ...>     }
   ...> }
|  replaced class Country
|    update replaced variable india, reset to null
|    update replaced variable usa, reset to null

jshell> Country india = new Country()
india ==> Country@14899482

jshell> Country netherlands = new Country()
netherlands ==> Country@2aae9190

jshell> india.comingSoon()
Coming Soon

jshell> netherlands.comingSoon()
Coming Soon

jshell>


