jshell> System.out.println("Hello World")
Hello World

jshell> System.out.println("Hello World");System.out.println("Hello World");
Hello World
Hello World

jshell> void sayHelloWorldTwice(){
   ...>     System.out.println("Hello World");
   ...>     System.out.println("Hello World");
   ...> }
|  created method sayHelloWorldTwice()

jshell> sayHelloWorldTwice()
Hello World
Hello World

jshell> void sayHelloWorldThrice(){
   ...>     System.out.println("Hello World");
   ...>     System.out.println("Hello World");
   ...>     System.out.println("Hello World");
   ...> }
|  created method sayHelloWorldThrice()

jshell> sayHelloWorldThrice()
Hello World
Hello World
Hello World

jshell> void printLearningExperience(){
   ...>     System.out.println("I've created my first variable");
   ...>     System.out.println("I've created my first method");
   ...>     System.out.println("I've created my first loop");
   ...>     System.out.println("i'm excited to learn java");
   ...> }
|  created method printLearningExperience()

jshell> printLearningExperience()
I've created my first variable
I've created my first method
I've created my first loop
i'm excited to learn java

jshell> void NameOfMethod(){
   ...> }
|  created method NameOfMethod()

jshell> /methods
|    void sayHelloWorldTwice()
|    void sayHelloWorldThrice()
|    void printLearningExperience()
|    void NameOfMethod()

jshell> /save backup.txt

jshell> /edit sayHelloWorldTwice
|  modified method sayHelloWorldTwice()

jshell> sayHelloWorldTwice()
HelloWorld
HelloWorld

jshell> /edit printLearningExperience()
|  No such snippet: printLearningExperience()

jshell> /edit printLearningExperience
|  modified method printLearningExperience()

jshell>  printLearningExperience()
I've sdf my first variable
I've ban my first method
I've cre my first loop
i'm exci to learn java

jshell> /methods
|    void sayHelloWorldThrice()
|    void NameOfMethod()
|    void sayHelloWorldTwice()
|    void printLearningExperience()

jshell> /edit pintningExperience
|  No such snippet: pintningExperience

jshell> /edit printLearningExperience
|  modified method printLearningExperience()

jshell>

jshell>

jshell> /edit sayHelloWorldTwice
|  modified method sayHelloWorldTwice()

jshell> /list printLearningExperience

  15 : void printLearningExperience(){
           System.out.println("I've sdf my first variable");
           System.out.println("I've ba my first method");
           System.out.println("I've cr my first loop");
           System.out.println("i'm excto learn java");
       }

jshell> /methods
|    void sayHelloWorldThrice()
|    void NameOfMethod()
|    void printLearningExperience()
|    void sayHelloWorldTwice()

jshell> say HelloWorldThrice()
   ...> sayHelloWorldThrice()
   ...> }
|  Error:
|  ';' expected
|  say HelloWorldThrice()
|                        ^

jshell> sayHelloWorldThrice()
Hello World
Hello World
Hello World

jshell> sayHelloWorldTwice()
Hello World
HelloWorld

jshell> void sayHelloWorld(int noOFTimes) {
   ...>     //Body of the method
   ...> }
|  created method sayHelloWorld(int)

jshell> sayHelloWorld(1)

jshell> //I'm writing something

jshell> int i=10;//I has a value of 10
i ==> 10

jshell> /edit sayHelloWorld
|  modified method sayHelloWorld(int), however, it cannot be invoked until variable noOfTimes is declared

jshell> sayHelloWorld(1)
|  attempted to call method sayHelloWorld(int) which cannot be invoked until variable noOfTimes is declared


jshell> sayHelloWorld(1)
|  attempted to call method sayHelloWorld(int) which cannot be invoked until variable noOfTimes is declared

jshell> /list sayHelloWorld

  22 : void sayHelloWorld(int noOFTimes) {
           System.out.println(noOfTimes);
       }

jshell> /edit sayHelloWorld
|  modified method sayHelloWorld(int), however, it cannot be invoked until variable noOfTimes is declared

jshell>
jshell> void printNumbers(int n) {
   ...>     for(int i=1; i<=n; i++) {
   ...>         System.out.println(i);
   ...>     }
   ...> }
|  created method printNumbers(int)

jshell> printNumbers(10)
1
2
3
4
5
6
7
8
9
10

jshell> printNumbers(3)
1
2
3

jshell> /list printNumbers

   1 : void printNumbers(int n) {
           for(int i=1; i<=n; i++) {
               System.out.println(i);
           }
       }

jshell> /edit printNumbers

jshell> void printSquaresOfNumbers(int n) {
   ...>     for(int i=1; i<=n; i++) {
   ...>         System.out.println(i*i);
   ...>          void printSquaresOfNumbers(int n) {
   ...>              for(int i=1; i<=n; i++) {
   ...>                 System.out.println(i);i*i);

jshell>  void printSquaresOfNumbers(int n) {
   ...>     for(int i=1; i<=n; i++) {
   ...>         System.out.println(i*i);
   ...>     }
   ...> }
|  created method printSquaresOfNumbers(int)

jshell> printSquaresOfNumbers(5)
1
4
9
16
25

jshell> printSquaresOfNumbers(3)
1
4
9

jshell> /list sayHelloWorld
|  No such snippet: sayHelloWorld

jshell> void sayHelloWorld(int noOfTimes) {
   ...>     for (int i=1; i<=noOfTimes; i++) {
   ...>         System.out.println("Hello World");
   ...>     }
   ...> }
|  created method sayHelloWorld(int)

jshell> int i;
i ==> 0

jshell> for(i=1;i<=10;i++)
   ...> System.out.printf("%d * %d = %d", 5, i, 5 * i).println()
5 * 1 = 5
5 * 2 = 10
5 * 3 = 15
5 * 4 = 20
5 * 5 = 25
5 * 6 = 30
5 * 7 = 35
5 * 8 = 40
5 * 9 = 45
5 * 10 = 50

jshell> /list sayHelloWorld

   7 : void sayHelloWorld(int noOfTimes) {
           for (int i=1; i<=noOfTimes; i++) {
               System.out.println("Hello World");
           }
       }

jshell> int i
i ==> 0

jshell> void sayMultiplicationTable() {
   ...>     for(i=1;i<=10;i++) {
   ...>         System.out.printf("%d * %d = %d", 5, i, 5 * i).println()
   ...>     }
   ...> }

jshell>  void printMultiplicationTable() {
   ...>     for(i=1;i<=10;i++) {
   ...>         System.out.printf("%d * %d = %d", 5, i, 5 * i).println()
   ...>     }
   ...> }
jshell> void printMultiplicationTable() {
   ...>     for(i=1;i<=10;i++) {
   ...>         System.out.printf("%d * %d = %d", 5, i, 5 * i).println();
   ...>     }
   ...> }
|  created method printMultiplicationTable()

jshell> void printMultiplicationTable() {
   ...> }
|  modified method printMultiplicationTable()

jshell> /edit printMultiplicationTable

jshell> printMultiplicationTable()

jshell> /edit printMultiplicationTable
|  modified method printMultiplicationTable()

jshell> printMultiplicationTable()
5 * 1 = 5
5 * 2 = 10
5 * 3 = 15
5 * 4 = 20
5 * 5 = 25
5 * 6 = 30
5 * 7 = 35
5 * 8 = 40
5 * 9 = 45
5 * 10 = 50
jshell>


